Copyright 1986-2016 Xilinx, Inc. All Rights Reserved.
-------------------------------------------------------------------------------------------------------------------------------
| Tool Version     : Vivado v.2016.2 (lin64) Build 1577090 Thu Jun  2 16:32:35 MDT 2016
| Date             : Mon Nov 21 10:48:28 2016
| Host             : ytelse running 64-bit Ubuntu 16.04.1 LTS
| Command          : report_power -file top_power_routed.rpt -pb top_power_summary_routed.pb -rpx top_power_routed.rpx
| Design           : top
| Device           : xc7a35tftg256-2
| Design State     : routed
| Grade            : commercial
| Process          : typical
| Characterization : Production
-------------------------------------------------------------------------------------------------------------------------------

Power Report

Table of Contents
-----------------
1. Summary
1.1 On-Chip Components
1.2 Power Supply Summary
1.3 Confidence Level
2. Settings
2.1 Environment
2.2 Clock Constraints
3. Detailed Reports
3.1 By Hierarchy

1. Summary
----------

+--------------------------+-------+
| Total On-Chip Power (W)  | 0.792 |
| Dynamic (W)              | 0.717 |
| Device Static (W)        | 0.075 |
| Effective TJA (C/W)      | 4.9   |
| Max Ambient (C)          | 81.2  |
| Junction Temperature (C) | 28.8  |
| Confidence Level         | Low   |
| Setting File             | ---   |
| Simulation Activity File | ---   |
| Design Nets Matched      | NA    |
+--------------------------+-------+


1.1 On-Chip Components
----------------------

+--------------------------+-----------+----------+-----------+-----------------+
| On-Chip                  | Power (W) | Used     | Available | Utilization (%) |
+--------------------------+-----------+----------+-----------+-----------------+
| Clocks                   |     0.047 |        4 |       --- |             --- |
| Slice Logic              |     0.292 |    24929 |       --- |             --- |
|   LUT as Logic           |     0.278 |    12659 |     20800 |           60.86 |
|   CARRY4                 |     0.007 |     1198 |      8150 |           14.70 |
|   Register               |     0.007 |     7266 |     41600 |           17.47 |
|   F7/F8 Muxes            |    <0.001 |      128 |     32600 |            0.39 |
|   LUT as Distributed RAM |    <0.001 |        8 |      9600 |            0.08 |
|   Others                 |     0.000 |      757 |       --- |             --- |
| Signals                  |     0.296 |    22177 |       --- |             --- |
| Block RAM                |     0.082 |       25 |        50 |           50.00 |
| I/O                      |    <0.001 |       22 |       170 |           12.94 |
| Static Power             |     0.075 |          |           |                 |
| Total                    |     0.792 |          |           |                 |
+--------------------------+-----------+----------+-----------+-----------------+


1.2 Power Supply Summary
------------------------

+-----------+-------------+-----------+-------------+------------+
| Source    | Voltage (V) | Total (A) | Dynamic (A) | Static (A) |
+-----------+-------------+-----------+-------------+------------+
| Vccint    |       1.000 |     0.722 |       0.710 |      0.012 |
| Vccaux    |       1.800 |     0.013 |       0.000 |      0.013 |
| Vcco33    |       3.300 |     0.001 |       0.000 |      0.001 |
| Vcco25    |       2.500 |     0.000 |       0.000 |      0.000 |
| Vcco18    |       1.800 |     0.000 |       0.000 |      0.000 |
| Vcco15    |       1.500 |     0.000 |       0.000 |      0.000 |
| Vcco135   |       1.350 |     0.000 |       0.000 |      0.000 |
| Vcco12    |       1.200 |     0.000 |       0.000 |      0.000 |
| Vccaux_io |       1.800 |     0.000 |       0.000 |      0.000 |
| Vccbram   |       1.000 |     0.007 |       0.006 |      0.001 |
| MGTAVcc   |       1.000 |     0.000 |       0.000 |      0.000 |
| MGTAVtt   |       1.200 |     0.000 |       0.000 |      0.000 |
| Vccadc    |       1.800 |     0.020 |       0.000 |      0.020 |
+-----------+-------------+-----------+-------------+------------+


1.3 Confidence Level
--------------------

+-----------------------------+------------+--------------------------------------------------------+------------------------------------------------------------------------------------------------------------+
| User Input Data             | Confidence | Details                                                | Action                                                                                                     |
+-----------------------------+------------+--------------------------------------------------------+------------------------------------------------------------------------------------------------------------+
| Design implementation state | High       | Design is routed                                       |                                                                                                            |
| Clock nodes activity        | High       | User specified more than 95% of clocks                 |                                                                                                            |
| I/O nodes activity          | Low        | More than 75% of inputs are missing user specification | Provide missing input activity with simulation results or by editing the "By Resource Type -> I/Os" view   |
| Internal nodes activity     | Medium     | User specified less than 25% of internal nodes         | Provide missing internal nodes activity with simulation results or by editing the "By Resource Type" views |
| Device models               | High       | Device models are Production                           |                                                                                                            |
|                             |            |                                                        |                                                                                                            |
| Overall confidence level    | Low        |                                                        |                                                                                                            |
+-----------------------------+------------+--------------------------------------------------------+------------------------------------------------------------------------------------------------------------+


2. Settings
-----------

2.1 Environment
---------------

+-----------------------+--------------------------+
| Ambient Temp (C)      | 25.0                     |
| ThetaJA (C/W)         | 4.9                      |
| Airflow (LFM)         | 250                      |
| Heat Sink             | medium (Medium Profile)  |
| ThetaSA (C/W)         | 4.6                      |
| Board Selection       | medium (10"x10")         |
| # of Board Layers     | 12to15 (12 to 15 Layers) |
| Board Temperature (C) | 25.0                     |
+-----------------------+--------------------------+


2.2 Clock Constraints
---------------------

+--------------+------------+-----------------+
| Clock        | Domain     | Constraint (ns) |
+--------------+------------+-----------------+
| sys_clk_pin  | CLK100MHZ  |            10.0 |
| ulpi_clk_pin | ulpi_clk60 |            16.7 |
+--------------+------------+-----------------+


3. Detailed Reports
-------------------

3.1 By Hierarchy
----------------

+---------------------------------------+-----------+
| Name                                  | Power (W) |
+---------------------------------------+-----------+
| top                                   |     0.717 |
|   PacmanWrapper_inst                  |     0.712 |
|     AsyncFifo_inst                    |    <0.001 |
|       mem_reg_0_15_0_5                |    <0.001 |
|       mem_reg_0_15_6_7                |    <0.001 |
|     Pacman_inst                       |     0.711 |
|       deinterleaver                   |    <0.001 |
|         BitToWord                     |    <0.001 |
|       interleaver                     |     0.003 |
|         CircularPeekQueue             |    <0.001 |
|           currentBlockOffset          |    <0.001 |
|           inBlockReadOffset           |    <0.001 |
|         CircularPeekQueue_1           |    <0.001 |
|           currentBlockOffset          |    <0.001 |
|           inBlockReadOffset           |    <0.001 |
|         CircularPeekQueue_2           |    <0.001 |
|           currentBlockOffset          |    <0.001 |
|           inBlockReadOffset           |    <0.001 |
|         CircularPeekQueue_3           |    <0.001 |
|           currentBlockOffset          |    <0.001 |
|           inBlockReadOffset           |    <0.001 |
|         queueCounter                  |    <0.001 |
|         readyBlocks                   |    <0.001 |
|         wordCounter                   |    <0.001 |
|       net                             |     0.702 |
|         GearBox                       |     0.011 |
|           BitToWord                   |    <0.001 |
|           BitToWord_1                 |    <0.001 |
|           BitToWord_2                 |    <0.001 |
|           BitToWord_3                 |    <0.001 |
|           CircularPeekQueue           |     0.001 |
|             currentBlockOffset        |    <0.001 |
|             inBlockReadOffset         |    <0.001 |
|             queue                     |     0.001 |
|           CircularPeekQueue_1         |     0.001 |
|             currentBlockOffset        |    <0.001 |
|             inBlockReadOffset         |    <0.001 |
|             queue                     |     0.001 |
|           CircularPeekQueue_2         |     0.001 |
|             currentBlockOffset        |    <0.001 |
|             inBlockReadOffset         |    <0.001 |
|             queue                     |     0.001 |
|           CircularPeekQueue_3         |     0.001 |
|             currentBlockOffset        |    <0.001 |
|             inBlockReadOffset         |    <0.001 |
|             queue                     |     0.001 |
|           bitCounter                  |    <0.001 |
|           blocksReady                 |    <0.001 |
|           fillingBlock                |    <0.001 |
|           outputSelectCounters        |    <0.001 |
|           outputSelectCounters_1      |    <0.001 |
|           outputSelectCounters_2      |    <0.001 |
|           outputSelectCounters_3      |    <0.001 |
|           queueOutputSelectCounters   |     0.001 |
|           queueOutputSelectCounters_1 |     0.001 |
|           queueOutputSelectCounters_2 |     0.001 |
|         GearBox_1                     |     0.005 |
|           BitToWord                   |    <0.001 |
|           BitToWord_1                 |    <0.001 |
|           BitToWord_2                 |    <0.001 |
|           CircularPeekQueue           |     0.001 |
|             currentBlockOffset        |    <0.001 |
|             inBlockReadOffset         |    <0.001 |
|             queue                     |     0.001 |
|           CircularPeekQueue_1         |     0.001 |
|             currentBlockOffset        |    <0.001 |
|             inBlockReadOffset         |    <0.001 |
|             queue                     |     0.001 |
|           CircularPeekQueue_2         |     0.001 |
|             currentBlockOffset        |    <0.001 |
|             inBlockReadOffset         |    <0.001 |
|             queue                     |     0.001 |
|           bitCounter                  |    <0.001 |
|           blocksReady                 |    <0.001 |
|           fillingBlock                |    <0.001 |
|         GearBox_2                     |     0.005 |
|           BitToWord                   |    <0.001 |
|           BitToWord_1                 |    <0.001 |
|           BitToWord_2                 |    <0.001 |
|           CircularPeekQueue           |    <0.001 |
|             currentBlockOffset        |    <0.001 |
|             inBlockReadOffset         |    <0.001 |
|             queue                     |    <0.001 |
|           CircularPeekQueue_1         |    <0.001 |
|             currentBlockOffset        |    <0.001 |
|             inBlockReadOffset         |    <0.001 |
|             queue                     |    <0.001 |
|           CircularPeekQueue_2         |    <0.001 |
|             currentBlockOffset        |    <0.001 |
|             inBlockReadOffset         |    <0.001 |
|             queue                     |    <0.001 |
|           bitCounter                  |    <0.001 |
|           blocksReady                 |    <0.001 |
|           fillingBlock                |    <0.001 |
|           outputSelectCounters        |    <0.001 |
|           outputSelectCounters_1      |    <0.001 |
|           outputSelectCounters_2      |    <0.001 |
|           queueOutputSelectCounters   |     0.001 |
|         Warp                          |     0.271 |
|           Chain                       |     0.014 |
|             ProcessingUnit            |    <0.001 |
|             ProcessingUnit_1          |    <0.001 |
|             ProcessingUnit_10         |    <0.001 |
|             ProcessingUnit_11         |    <0.001 |
|             ProcessingUnit_12         |    <0.001 |
|             ProcessingUnit_13         |    <0.001 |
|             ProcessingUnit_14         |    <0.001 |
|             ProcessingUnit_15         |    <0.001 |
|             ProcessingUnit_16         |    <0.001 |
|             ProcessingUnit_17         |    <0.001 |
|             ProcessingUnit_18         |    <0.001 |
|             ProcessingUnit_19         |    <0.001 |
|             ProcessingUnit_2          |    <0.001 |
|             ProcessingUnit_20         |    <0.001 |
|             ProcessingUnit_21         |    <0.001 |
|             ProcessingUnit_22         |    <0.001 |
|             ProcessingUnit_23         |    <0.001 |
|             ProcessingUnit_24         |    <0.001 |
|             ProcessingUnit_25         |    <0.001 |
|             ProcessingUnit_26         |    <0.001 |
|             ProcessingUnit_27         |    <0.001 |
|             ProcessingUnit_28         |    <0.001 |
|             ProcessingUnit_29         |    <0.001 |
|             ProcessingUnit_3          |    <0.001 |
|             ProcessingUnit_30         |    <0.001 |
|             ProcessingUnit_31         |    <0.001 |
|             ProcessingUnit_4          |    <0.001 |
|             ProcessingUnit_5          |    <0.001 |
|             ProcessingUnit_6          |    <0.001 |
|             ProcessingUnit_7          |    <0.001 |
|             ProcessingUnit_8          |    <0.001 |
|             ProcessingUnit_9          |    <0.001 |
|           Chain_1                     |     0.014 |
|             ProcessingUnit            |    <0.001 |
|             ProcessingUnit_1          |    <0.001 |
|             ProcessingUnit_10         |    <0.001 |
|             ProcessingUnit_11         |    <0.001 |
|             ProcessingUnit_12         |    <0.001 |
|             ProcessingUnit_13         |    <0.001 |
|             ProcessingUnit_14         |    <0.001 |
|             ProcessingUnit_15         |    <0.001 |
|             ProcessingUnit_16         |    <0.001 |
|             ProcessingUnit_17         |    <0.001 |
|             ProcessingUnit_18         |    <0.001 |
|             ProcessingUnit_19         |    <0.001 |
|             ProcessingUnit_2          |    <0.001 |
|             ProcessingUnit_20         |    <0.001 |
|             ProcessingUnit_21         |    <0.001 |
|             ProcessingUnit_22         |    <0.001 |
|             ProcessingUnit_23         |    <0.001 |
|             ProcessingUnit_24         |    <0.001 |
|             ProcessingUnit_25         |    <0.001 |
|             ProcessingUnit_26         |    <0.001 |
|             ProcessingUnit_27         |    <0.001 |
|             ProcessingUnit_28         |    <0.001 |
|             ProcessingUnit_29         |    <0.001 |
|             ProcessingUnit_3          |    <0.001 |
|             ProcessingUnit_30         |    <0.001 |
|             ProcessingUnit_31         |    <0.001 |
|             ProcessingUnit_4          |    <0.001 |
|             ProcessingUnit_5          |    <0.001 |
|             ProcessingUnit_6          |    <0.001 |
|             ProcessingUnit_7          |    <0.001 |
|             ProcessingUnit_8          |    <0.001 |
|             ProcessingUnit_9          |    <0.001 |
|           Chain_2                     |     0.016 |
|             ProcessingUnit            |    <0.001 |
|             ProcessingUnit_1          |    <0.001 |
|             ProcessingUnit_10         |    <0.001 |
|             ProcessingUnit_11         |    <0.001 |
|             ProcessingUnit_12         |    <0.001 |
|             ProcessingUnit_13         |    <0.001 |
|             ProcessingUnit_14         |    <0.001 |
|             ProcessingUnit_15         |    <0.001 |
|             ProcessingUnit_16         |    <0.001 |
|             ProcessingUnit_17         |    <0.001 |
|             ProcessingUnit_18         |    <0.001 |
|             ProcessingUnit_19         |    <0.001 |
|             ProcessingUnit_2          |    <0.001 |
|             ProcessingUnit_20         |    <0.001 |
|             ProcessingUnit_21         |    <0.001 |
|             ProcessingUnit_22         |    <0.001 |
|             ProcessingUnit_23         |    <0.001 |
|             ProcessingUnit_24         |    <0.001 |
|             ProcessingUnit_25         |    <0.001 |
|             ProcessingUnit_26         |    <0.001 |
|             ProcessingUnit_27         |    <0.001 |
|             ProcessingUnit_28         |    <0.001 |
|             ProcessingUnit_29         |    <0.001 |
|             ProcessingUnit_3          |    <0.001 |
|             ProcessingUnit_30         |    <0.001 |
|             ProcessingUnit_31         |    <0.001 |
|             ProcessingUnit_4          |    <0.001 |
|             ProcessingUnit_5          |    <0.001 |
|             ProcessingUnit_6          |    <0.001 |
|             ProcessingUnit_7          |    <0.001 |
|             ProcessingUnit_8          |    <0.001 |
|             ProcessingUnit_9          |    <0.001 |
|           Chain_3                     |     0.016 |
|             ProcessingUnit            |    <0.001 |
|             ProcessingUnit_1          |    <0.001 |
|             ProcessingUnit_10         |    <0.001 |
|             ProcessingUnit_11         |    <0.001 |
|             ProcessingUnit_12         |    <0.001 |
|             ProcessingUnit_13         |    <0.001 |
|             ProcessingUnit_14         |    <0.001 |
|             ProcessingUnit_15         |    <0.001 |
|             ProcessingUnit_16         |    <0.001 |
|             ProcessingUnit_17         |    <0.001 |
|             ProcessingUnit_18         |    <0.001 |
|             ProcessingUnit_19         |    <0.001 |
|             ProcessingUnit_2          |    <0.001 |
|             ProcessingUnit_20         |    <0.001 |
|             ProcessingUnit_21         |    <0.001 |
|             ProcessingUnit_22         |    <0.001 |
|             ProcessingUnit_23         |    <0.001 |
|             ProcessingUnit_24         |    <0.001 |
|             ProcessingUnit_25         |    <0.001 |
|             ProcessingUnit_26         |    <0.001 |
|             ProcessingUnit_27         |    <0.001 |
|             ProcessingUnit_28         |    <0.001 |
|             ProcessingUnit_29         |    <0.001 |
|             ProcessingUnit_3          |    <0.001 |
|             ProcessingUnit_30         |    <0.001 |
|             ProcessingUnit_31         |    <0.001 |
|             ProcessingUnit_4          |    <0.001 |
|             ProcessingUnit_5          |    <0.001 |
|             ProcessingUnit_6          |    <0.001 |
|             ProcessingUnit_7          |    <0.001 |
|             ProcessingUnit_8          |    <0.001 |
|             ProcessingUnit_9          |    <0.001 |
|           control                     |     0.001 |
|             cycle                     |    <0.001 |
|             cycleInPass               |    <0.001 |
|             isActive                  |    <0.001 |
|             isOutputting              |    <0.001 |
|             isReady                   |    <0.001 |
|             isTailing                 |    <0.001 |
|             selectX                   |    <0.001 |
|             tailCycle                 |    <0.001 |
|           memoryStreamer              |     0.210 |
|             MemoryUnit                |     0.012 |
|             MemoryUnit_1              |     0.012 |
|             MemoryUnit_10             |     0.012 |
|             MemoryUnit_11             |     0.012 |
|             MemoryUnit_12             |     0.012 |
|             MemoryUnit_13             |     0.012 |
|             MemoryUnit_14             |     0.013 |
|             MemoryUnit_15             |     0.012 |
|             MemoryUnit_2              |     0.012 |
|             MemoryUnit_3              |     0.012 |
|             MemoryUnit_4              |     0.012 |
|             MemoryUnit_5              |     0.012 |
|             MemoryUnit_6              |     0.012 |
|             MemoryUnit_7              |     0.012 |
|             MemoryUnit_8              |     0.012 |
|             MemoryUnit_9              |     0.012 |
|             biasMemoryUnit            |     0.015 |
|         Warp_1                        |     0.147 |
|           Chain                       |     0.008 |
|             ProcessingUnit            |    <0.001 |
|             ProcessingUnit_1          |    <0.001 |
|             ProcessingUnit_10         |    <0.001 |
|             ProcessingUnit_11         |    <0.001 |
|             ProcessingUnit_12         |    <0.001 |
|             ProcessingUnit_13         |    <0.001 |
|             ProcessingUnit_14         |    <0.001 |
|             ProcessingUnit_2          |    <0.001 |
|             ProcessingUnit_3          |    <0.001 |
|             ProcessingUnit_4          |    <0.001 |
|             ProcessingUnit_5          |    <0.001 |
|             ProcessingUnit_6          |    <0.001 |
|             ProcessingUnit_7          |    <0.001 |
|             ProcessingUnit_8          |    <0.001 |
|             ProcessingUnit_9          |    <0.001 |
|           Chain_1                     |     0.008 |
|             ProcessingUnit            |    <0.001 |
|             ProcessingUnit_1          |    <0.001 |
|             ProcessingUnit_10         |    <0.001 |
|             ProcessingUnit_11         |    <0.001 |
|             ProcessingUnit_12         |    <0.001 |
|             ProcessingUnit_13         |    <0.001 |
|             ProcessingUnit_14         |    <0.001 |
|             ProcessingUnit_2          |    <0.001 |
|             ProcessingUnit_3          |    <0.001 |
|             ProcessingUnit_4          |    <0.001 |
|             ProcessingUnit_5          |    <0.001 |
|             ProcessingUnit_6          |    <0.001 |
|             ProcessingUnit_7          |    <0.001 |
|             ProcessingUnit_8          |    <0.001 |
|             ProcessingUnit_9          |    <0.001 |
|           Chain_2                     |     0.008 |
|             ProcessingUnit            |    <0.001 |
|             ProcessingUnit_1          |    <0.001 |
|             ProcessingUnit_10         |    <0.001 |
|             ProcessingUnit_11         |    <0.001 |
|             ProcessingUnit_12         |    <0.001 |
|             ProcessingUnit_13         |    <0.001 |
|             ProcessingUnit_14         |    <0.001 |
|             ProcessingUnit_2          |    <0.001 |
|             ProcessingUnit_3          |    <0.001 |
|             ProcessingUnit_4          |    <0.001 |
|             ProcessingUnit_5          |    <0.001 |
|             ProcessingUnit_6          |    <0.001 |
|             ProcessingUnit_7          |    <0.001 |
|             ProcessingUnit_8          |    <0.001 |
|             ProcessingUnit_9          |    <0.001 |
|           control                     |     0.001 |
|             cycle                     |    <0.001 |
|             cycleInPass               |    <0.001 |
|             isActive                  |    <0.001 |
|             isOutputting              |    <0.001 |
|             isReady                   |    <0.001 |
|             isTailing                 |    <0.001 |
|             selectX                   |    <0.001 |
|             tailCycle                 |    <0.001 |
|           memoryStreamer              |     0.122 |
|             MemoryUnit                |     0.011 |
|             MemoryUnit_1              |     0.015 |
|             MemoryUnit_2              |     0.015 |
|             MemoryUnit_3              |     0.015 |
|             MemoryUnit_4              |     0.015 |
|             MemoryUnit_5              |     0.015 |
|             MemoryUnit_6              |     0.015 |
|             MemoryUnit_7              |     0.015 |
|             biasMemoryUnit            |     0.006 |
|         Warp_2                        |     0.139 |
|           Chain                       |     0.007 |
|             ProcessingUnit            |    <0.001 |
|             ProcessingUnit_1          |    <0.001 |
|             ProcessingUnit_10         |    <0.001 |
|             ProcessingUnit_11         |    <0.001 |
|             ProcessingUnit_12         |    <0.001 |
|             ProcessingUnit_13         |    <0.001 |
|             ProcessingUnit_14         |    <0.001 |
|             ProcessingUnit_2          |    <0.001 |
|             ProcessingUnit_3          |    <0.001 |
|             ProcessingUnit_4          |    <0.001 |
|             ProcessingUnit_5          |    <0.001 |
|             ProcessingUnit_6          |    <0.001 |
|             ProcessingUnit_7          |    <0.001 |
|             ProcessingUnit_8          |    <0.001 |
|             ProcessingUnit_9          |    <0.001 |
|           Chain_1                     |     0.007 |
|             ProcessingUnit            |    <0.001 |
|             ProcessingUnit_1          |    <0.001 |
|             ProcessingUnit_10         |    <0.001 |
|             ProcessingUnit_11         |    <0.001 |
|             ProcessingUnit_12         |    <0.001 |
|             ProcessingUnit_13         |    <0.001 |
|             ProcessingUnit_14         |    <0.001 |
|             ProcessingUnit_2          |    <0.001 |
|             ProcessingUnit_3          |    <0.001 |
|             ProcessingUnit_4          |    <0.001 |
|             ProcessingUnit_5          |    <0.001 |
|             ProcessingUnit_6          |    <0.001 |
|             ProcessingUnit_7          |    <0.001 |
|             ProcessingUnit_8          |    <0.001 |
|             ProcessingUnit_9          |    <0.001 |
|           Chain_2                     |     0.007 |
|             ProcessingUnit            |    <0.001 |
|             ProcessingUnit_1          |    <0.001 |
|             ProcessingUnit_10         |    <0.001 |
|             ProcessingUnit_11         |    <0.001 |
|             ProcessingUnit_12         |    <0.001 |
|             ProcessingUnit_13         |    <0.001 |
|             ProcessingUnit_14         |    <0.001 |
|             ProcessingUnit_2          |    <0.001 |
|             ProcessingUnit_3          |    <0.001 |
|             ProcessingUnit_4          |    <0.001 |
|             ProcessingUnit_5          |    <0.001 |
|             ProcessingUnit_6          |    <0.001 |
|             ProcessingUnit_7          |    <0.001 |
|             ProcessingUnit_8          |    <0.001 |
|             ProcessingUnit_9          |    <0.001 |
|           control                     |     0.001 |
|             cycle                     |    <0.001 |
|             cycleInPass               |    <0.001 |
|             isActive                  |    <0.001 |
|             isOutputting              |    <0.001 |
|             isReady                   |    <0.001 |
|             isTailing                 |    <0.001 |
|             selectX                   |    <0.001 |
|             tailCycle                 |    <0.001 |
|           memoryStreamer              |     0.117 |
|             MemoryUnit                |     0.013 |
|             MemoryUnit_1              |     0.014 |
|             MemoryUnit_2              |     0.014 |
|             MemoryUnit_3              |     0.014 |
|             MemoryUnit_4              |     0.014 |
|             MemoryUnit_5              |     0.015 |
|             MemoryUnit_6              |     0.014 |
|             MemoryUnit_7              |     0.014 |
|             biasMemoryUnit            |     0.005 |
|         Warp_3                        |     0.023 |
|           Chain                       |     0.016 |
|             ProcessingUnit            |     0.002 |
|             ProcessingUnit_1          |     0.002 |
|             ProcessingUnit_2          |     0.002 |
|             ProcessingUnit_3          |     0.002 |
|             ProcessingUnit_4          |     0.002 |
|             ProcessingUnit_5          |     0.002 |
|             ProcessingUnit_6          |     0.002 |
|             ProcessingUnit_7          |     0.002 |
|             ProcessingUnit_8          |     0.002 |
|             ProcessingUnit_9          |    <0.001 |
|           control                     |    <0.001 |
|             cycle                     |    <0.001 |
|             cycleInPass               |    <0.001 |
|             isActive                  |    <0.001 |
|             isOutputting              |    <0.001 |
|             isReady                   |    <0.001 |
|             isTailing                 |    <0.001 |
|             selectX                   |    <0.001 |
|             tailCycle                 |    <0.001 |
|           memoryStreamer              |     0.006 |
|             MemoryUnit                |     0.001 |
|             MemoryUnit_1              |     0.001 |
|             MemoryUnit_2              |     0.001 |
|             MemoryUnit_3              |     0.001 |
|             MemoryUnit_4              |    <0.001 |
|             biasMemoryUnit            |    <0.001 |
|       widthConverter                  |    <0.001 |
|         CounterWithNonBlockingReset   |    <0.001 |
|   inputBridge_inst                    |     0.004 |
|     usb_serial_inst                   |     0.003 |
|       usb_control_inst                |    <0.001 |
|       usb_init_inst                   |    <0.001 |
|       usb_packet_inst                 |    <0.001 |
|       usb_transact_inst               |    <0.001 |
|   ulpi_data_IOBUF[0]_inst             |     0.000 |
|   ulpi_data_IOBUF[1]_inst             |     0.000 |
|   ulpi_data_IOBUF[2]_inst             |     0.000 |
|   ulpi_data_IOBUF[3]_inst             |     0.000 |
|   ulpi_data_IOBUF[4]_inst             |     0.000 |
|   ulpi_data_IOBUF[5]_inst             |     0.000 |
|   ulpi_data_IOBUF[6]_inst             |     0.000 |
|   ulpi_data_IOBUF[7]_inst             |     0.000 |
|   ulpi_port_inst                      |    <0.001 |
+---------------------------------------+-----------+


