Copyright 1986-2016 Xilinx, Inc. All Rights Reserved.
------------------------------------------------------------------------------------
| Tool Version : Vivado v.2016.2 (lin64) Build 1577090 Thu Jun  2 16:32:35 MDT 2016
| Date         : Mon Nov 21 10:47:46 2016
| Host         : ytelse running 64-bit Ubuntu 16.04.1 LTS
| Command      : report_control_sets -verbose -file top_control_sets_placed.rpt
| Design       : top
| Device       : xc7a35t
------------------------------------------------------------------------------------

Control Set Information

Table of Contents
-----------------
1. Summary
2. Flip-Flop Distribution
3. Detailed Control Set Information

1. Summary
----------

+----------------------------------------------------------+-------+
|                          Status                          | Count |
+----------------------------------------------------------+-------+
| Number of unique control sets                            |   122 |
| Unused register locations in slices containing registers |   302 |
+----------------------------------------------------------+-------+


2. Flip-Flop Distribution
-------------------------

+--------------+-----------------------+------------------------+-----------------+--------------+
| Clock Enable | Synchronous Set/Reset | Asynchronous Set/Reset | Total Registers | Total Slices |
+--------------+-----------------------+------------------------+-----------------+--------------+
| No           | No                    | No                     |            6247 |         2347 |
| No           | No                    | Yes                    |               0 |            0 |
| No           | Yes                   | No                     |             401 |          145 |
| Yes          | No                    | No                     |             361 |          118 |
| Yes          | No                    | Yes                    |               0 |            0 |
| Yes          | Yes                   | No                     |             257 |           89 |
+--------------+-----------------------+------------------------+-----------------+--------------+


3. Detailed Control Set Information
-----------------------------------

+-----------------------+----------------------------------------------------------------------------------------+--------------------------------------------------------------------------------------------------+------------------+----------------+
|      Clock Signal     |                                      Enable Signal                                     |                                         Set/Reset Signal                                         | Slice Load Count | Bel Load Count |
+-----------------------+----------------------------------------------------------------------------------------+--------------------------------------------------------------------------------------------------+------------------+----------------+
|  CLK100MHZ_IBUF_BUFG  | PacmanWrapper_inst/Pacman_inst/interleaver/readyBlocks/T1                              |                                                                                                  |                2 |              3 |
|  CLK100MHZ_IBUF_BUFG  | PacmanWrapper_inst/Pacman_inst/interleaver/readyBlocks/writeAddr_reg[5]                |                                                                                                  |                2 |              3 |
|  CLK100MHZ_IBUF_BUFG  | PacmanWrapper_inst/Pacman_inst/interleaver/CircularPeekQueue/writeAddr[5]_i_1_n_0      |                                                                                                  |                1 |              3 |
|  CLK100MHZ_IBUF_BUFG  | PacmanWrapper_inst/Pacman_inst/interleaver/queueCounter/T3                             |                                                                                                  |                2 |              3 |
|  CLK100MHZ_IBUF_BUFG  | PacmanWrapper_inst/Pacman_inst/net/GearBox/bitCounter/T4                               | PacmanWrapper_inst/Pacman_inst/net/GearBox/bitCounter/SR[0]                                      |                1 |              4 |
|  ulpi_clk60_IBUF_BUFG | inputBridge_inst/usb_serial_inst/usb_transact_inst/wait_count[8]_i_1_n_0               | inputBridge_inst/usb_serial_inst/usb_transact_inst/wait_count[6]_i_1_n_0                         |                2 |              4 |
|  CLK100MHZ_IBUF_BUFG  | PacmanWrapper_inst/Pacman_inst/net/Warp_2/control/tailCycle/T4                         | PacmanWrapper_inst/Pacman_inst/net/Warp_2/control/tailCycle/v                                    |                1 |              4 |
|  CLK100MHZ_IBUF_BUFG  | PacmanWrapper_inst/Pacman_inst/net/GearBox_1/bitCounter/T4                             | PacmanWrapper_inst/Pacman_inst/net/GearBox_1/bitCounter/SR[0]                                    |                1 |              4 |
|  ulpi_clk60_IBUF_BUFG | inputBridge_inst/usb_serial_inst/usb_transact_inst/s_state[3]_i_1_n_0                  | inputBridge_inst/usb_serial_inst/usb_init_inst/PHY_RESET                                         |                3 |              4 |
|  ulpi_clk60_IBUF_BUFG | inputBridge_inst/usb_serial_inst/usb_packet_inst/FSM_sequential_s_state[3]_i_1_n_0     | inputBridge_inst/usb_serial_inst/usb_init_inst/PHY_RESET                                         |                3 |              4 |
|  CLK100MHZ_IBUF_BUFG  | PacmanWrapper_inst/Pacman_inst/net/Warp_3/control/tailCycle/T4                         | PacmanWrapper_inst/Pacman_inst/net/Warp_3/control/tailCycle/v                                    |                2 |              4 |
|  CLK100MHZ_IBUF_BUFG  | PacmanWrapper_inst/Pacman_inst/net/Warp_3/control/selectX/T4                           | PacmanWrapper_inst/Pacman_inst/net/Warp_3/control/selectX/v                                      |                1 |              4 |
|  CLK100MHZ_IBUF_BUFG  | PacmanWrapper_inst/Pacman_inst/net/Warp_3/control/cycle/v[3]_i_2__15_n_0               | PacmanWrapper_inst/Pacman_inst/net/Warp_3/control/cycle/v                                        |                2 |              4 |
|  CLK100MHZ_IBUF_BUFG  | PacmanWrapper_inst/Pacman_inst/net/Warp_3/control/cycleInPass/v[3]_i_2__16_n_0         | PacmanWrapper_inst/Pacman_inst/net/Warp_3/control/cycleInPass/SR[0]                              |                1 |              4 |
|  ulpi_clk60_IBUF_BUFG | inputBridge_inst/usb_serial_inst/usb_control_inst/s_ctlrequest                         |                                                                                                  |                1 |              4 |
|  CLK100MHZ_IBUF_BUFG  | PacmanWrapper_inst/Pacman_inst/net/Warp_2/control/cycleInPass/T4_0                     | PacmanWrapper_inst/Pacman_inst/net/Warp_2/control/cycleInPass/SR[0]                              |                1 |              4 |
|  CLK100MHZ_IBUF_BUFG  | PacmanWrapper_inst/Pacman_inst/net/GearBox_2/blocksReady/reg_[3]_i_1__0_n_0            |                                                                                                  |                1 |              4 |
|  CLK100MHZ_IBUF_BUFG  | PacmanWrapper_inst/Pacman_inst/net/Warp_2/control/selectX/T4                           | PacmanWrapper_inst/Pacman_inst/net/Warp_2/control/selectX/v                                      |                1 |              4 |
|  CLK100MHZ_IBUF_BUFG  | PacmanWrapper_inst/Pacman_inst/net/GearBox_2/bitCounter/T4                             | PacmanWrapper_inst/Pacman_inst/net/GearBox_2/bitCounter/SR[0]                                    |                1 |              4 |
|  CLK100MHZ_IBUF_BUFG  | PacmanWrapper_inst/Pacman_inst/deinterleaver/E[0]                                      |                                                                                                  |                2 |              4 |
|  CLK100MHZ_IBUF_BUFG  | PacmanWrapper_inst/Pacman_inst/net/Warp_1/control/selectX/T4                           | PacmanWrapper_inst/Pacman_inst/net/Warp_1/control/selectX/v                                      |                1 |              4 |
|  CLK100MHZ_IBUF_BUFG  | PacmanWrapper_inst/Pacman_inst/net/GearBox/blocksReady/reg_[3]_i_1_n_0                 |                                                                                                  |                1 |              4 |
|  ulpi_clk60_IBUF_BUFG | inputBridge_inst/usb_serial_inst/usb_control_inst/s_state[3]_i_1__0_n_0                | inputBridge_inst/usb_serial_inst/usb_init_inst/PHY_RESET                                         |                3 |              4 |
|  CLK100MHZ_IBUF_BUFG  | PacmanWrapper_inst/Pacman_inst/net/Warp_1/control/cycleInPass/T4                       | PacmanWrapper_inst/Pacman_inst/net/Warp_1/control/cycleInPass/SR[0]                              |                1 |              4 |
|  CLK100MHZ_IBUF_BUFG  | PacmanWrapper_inst/Pacman_inst/net/Warp_1/control/tailCycle/T4                         | PacmanWrapper_inst/Pacman_inst/net/Warp_1/control/tailCycle/v                                    |                1 |              4 |
|  CLK100MHZ_IBUF_BUFG  | PacmanWrapper_inst/Pacman_inst/net/GearBox/CircularPeekQueue_1/T5                      | PacmanWrapper_inst/Pacman_inst/net/GearBox/CircularPeekQueue_1/writeAddr[5]                      |                2 |              5 |
|  CLK100MHZ_IBUF_BUFG  | PacmanWrapper_inst/Pacman_inst/interleaver/queueCounter/writeAddr_reg[7][0]            | PacmanWrapper_inst/Pacman_inst/interleaver/queueCounter/writeAddr_reg[1][0]                      |                3 |              5 |
|  CLK100MHZ_IBUF_BUFG  | PacmanWrapper_inst/Pacman_inst/net/GearBox/CircularPeekQueue/T5                        | PacmanWrapper_inst/Pacman_inst/net/GearBox/CircularPeekQueue/writeAddr[5]                        |                1 |              5 |
|  CLK100MHZ_IBUF_BUFG  | PacmanWrapper_inst/Pacman_inst/net/GearBox/CircularPeekQueue_2/T5                      | PacmanWrapper_inst/Pacman_inst/net/GearBox/CircularPeekQueue_2/writeAddr[5]                      |                2 |              5 |
|  CLK100MHZ_IBUF_BUFG  | PacmanWrapper_inst/Pacman_inst/interleaver/readyBlocks/v_reg[1][0]                     | PacmanWrapper_inst/Pacman_inst/interleaver/readyBlocks/v_reg[1]_0[0]                             |                1 |              5 |
|  CLK100MHZ_IBUF_BUFG  | PacmanWrapper_inst/Pacman_inst/interleaver/readyBlocks/v_reg[1]_3[0]                   | PacmanWrapper_inst/Pacman_inst/interleaver/readyBlocks/v_reg[1]_4[0]                             |                1 |              5 |
|  CLK100MHZ_IBUF_BUFG  | PacmanWrapper_inst/Pacman_inst/interleaver/readyBlocks/v_reg[1]_1[0]                   | PacmanWrapper_inst/Pacman_inst/interleaver/readyBlocks/v_reg[1]_2[0]                             |                1 |              5 |
|  CLK100MHZ_IBUF_BUFG  | PacmanWrapper_inst/Pacman_inst/interleaver/readyBlocks/v_reg[1]_5[0]                   | PacmanWrapper_inst/Pacman_inst/interleaver/readyBlocks/v_reg[1]_6[0]                             |                2 |              5 |
|  CLK100MHZ_IBUF_BUFG  | PacmanWrapper_inst/Pacman_inst/interleaver/CircularPeekQueue_3/writeAddr[7]_i_2__2_n_0 | PacmanWrapper_inst/Pacman_inst/interleaver/CircularPeekQueue_3/writeAddr[7]_i_1__2_n_0           |                2 |              5 |
|  CLK100MHZ_IBUF_BUFG  | PacmanWrapper_inst/Pacman_inst/interleaver/CircularPeekQueue_1/writeAddr[7]_i_2_n_0    | PacmanWrapper_inst/Pacman_inst/interleaver/CircularPeekQueue_1/writeAddr[7]_i_1_n_0              |                3 |              5 |
|  CLK100MHZ_IBUF_BUFG  | PacmanWrapper_inst/Pacman_inst/interleaver/CircularPeekQueue_2/writeAddr[7]_i_2__0_n_0 | PacmanWrapper_inst/Pacman_inst/interleaver/CircularPeekQueue_2/writeAddr[7]_i_1__1_n_0           |                2 |              5 |
|  CLK100MHZ_IBUF_BUFG  | PacmanWrapper_inst/Pacman_inst/net/Warp__13_n_0                                        | PacmanWrapper_inst/Pacman_inst/net/Warp/control/tailCycle/v                                      |                2 |              5 |
|  CLK100MHZ_IBUF_BUFG  | PacmanWrapper_inst/Pacman_inst/net/Warp__12_n_0                                        | PacmanWrapper_inst/Pacman_inst/net/Warp/control/selectX/v                                        |                2 |              5 |
|  ulpi_clk60_IBUF_BUFG | inputBridge_inst/usb_serial_inst/usb_packet_inst/crc5_buf[4]_i_2_n_0                   | inputBridge_inst/usb_serial_inst/usb_packet_inst/crc5_buf[4]_i_1_n_0                             |                2 |              5 |
|  CLK100MHZ_IBUF_BUFG  | PacmanWrapper_inst/Pacman_inst/net/GearBox_1/CircularPeekQueue_2/T5                    | PacmanWrapper_inst/Pacman_inst/net/GearBox_1/CircularPeekQueue_2/writeAddr[5]                    |                2 |              5 |
|  CLK100MHZ_IBUF_BUFG  | PacmanWrapper_inst/Pacman_inst/net/GearBox_2/CircularPeekQueue/T5                      | PacmanWrapper_inst/Pacman_inst/net/GearBox_2/CircularPeekQueue/writeAddr[5]                      |                1 |              5 |
|  CLK100MHZ_IBUF_BUFG  | PacmanWrapper_inst/Pacman_inst/net/GearBox_2/CircularPeekQueue_1/T5                    | PacmanWrapper_inst/Pacman_inst/net/GearBox_2/CircularPeekQueue_1/writeAddr[5]                    |                1 |              5 |
|  CLK100MHZ_IBUF_BUFG  | PacmanWrapper_inst/Pacman_inst/net/GearBox_2/CircularPeekQueue_2/T5                    | PacmanWrapper_inst/Pacman_inst/net/GearBox_2/CircularPeekQueue_2/writeAddr[5]                    |                2 |              5 |
|  ulpi_clk60_IBUF_BUFG | ulpi_port_inst/reset_timer                                                             |                                                                                                  |                1 |              5 |
|  ulpi_clk60_IBUF_BUFG |                                                                                        | inputBridge_inst/usb_serial_inst/usb_init_inst/v_clrtimer1                                       |                1 |              5 |
|  ulpi_clk60_IBUF_BUFG | inputBridge_inst/usb_serial_inst/usb_transact_inst/wait_count[8]_i_1_n_0               |                                                                                                  |                3 |              5 |
|  CLK100MHZ_IBUF_BUFG  | PacmanWrapper_inst/Pacman_inst/net/GearBox_1/CircularPeekQueue_1/T5                    | PacmanWrapper_inst/Pacman_inst/net/GearBox_1/CircularPeekQueue_1/writeAddr[5]                    |                1 |              5 |
|  CLK100MHZ_IBUF_BUFG  | PacmanWrapper_inst/Pacman_inst/net/GearBox_1/CircularPeekQueue/T5                      | PacmanWrapper_inst/Pacman_inst/net/GearBox_1/CircularPeekQueue/writeAddr[5]                      |                2 |              5 |
|  CLK100MHZ_IBUF_BUFG  | PacmanWrapper_inst/Pacman_inst/net/GearBox/CircularPeekQueue_3/T5                      | PacmanWrapper_inst/Pacman_inst/net/GearBox/CircularPeekQueue_3/writeAddr[5]                      |                1 |              5 |
|  CLK100MHZ_IBUF_BUFG  | PacmanWrapper_inst/Pacman_inst/net/GearBox_1/blocksReady/signalNewPeekBlock            |                                                                                                  |                3 |              6 |
|  CLK100MHZ_IBUF_BUFG  | PacmanWrapper_inst/Pacman_inst/interleaver/readyBlocks/E[0]                            | PacmanWrapper_inst/Pacman_inst/interleaver/readyBlocks/SR[0]                                     |                2 |              6 |
|  ulpi_clk60_IBUF_BUFG | inputBridge_inst/usb_serial_inst/usb_control_inst/s_answerptr[5]_i_1_n_0               |                                                                                                  |                4 |              6 |
|  CLK100MHZ_IBUF_BUFG  | PacmanWrapper_inst/Pacman_inst/net/Warp__7_n_0                                         | PacmanWrapper_inst/Pacman_inst/net/Warp__6_n_0                                                   |                2 |              6 |
|  CLK100MHZ_IBUF_BUFG  |                                                                                        | PacmanWrapper_inst/Pacman_inst/net/Warp_2/memoryStreamer/MemoryUnit_5/counter_reg[7]_0           |                2 |              7 |
|  CLK100MHZ_IBUF_BUFG  |                                                                                        | PacmanWrapper_inst/Pacman_inst/net/Warp_2/memoryStreamer/MemoryUnit_6/counter_reg[7]_0           |                2 |              7 |
|  CLK100MHZ_IBUF_BUFG  |                                                                                        | PacmanWrapper_inst/Pacman_inst/net/Warp_2/memoryStreamer/MemoryUnit/restartRegs_1                |                2 |              7 |
|  ulpi_clk60_IBUF_BUFG | inputBridge_inst/usb_serial_inst/usb_control_inst/s_addr[6]_i_1_n_0                    | inputBridge_inst/usb_serial_inst/usb_init_inst/PHY_RESET                                         |                2 |              7 |
|  ulpi_clk60_IBUF_BUFG |                                                                                        | ulpi_port_inst/utmi_datain[7]_i_1_n_0                                                            |                2 |              7 |
|  CLK100MHZ_IBUF_BUFG  |                                                                                        | PacmanWrapper_inst/Pacman_inst/net/Warp_2/memoryStreamer/MemoryUnit_4/counter_reg[7]_0           |                3 |              7 |
|  CLK100MHZ_IBUF_BUFG  |                                                                                        | PacmanWrapper_inst/Pacman_inst/net/Warp_2/memoryStreamer/MemoryUnit_3/counter_reg[7]_0           |                2 |              7 |
|  CLK100MHZ_IBUF_BUFG  |                                                                                        | PacmanWrapper_inst/Pacman_inst/net/Warp_2/memoryStreamer/MemoryUnit_2/counter_reg[7]_0           |                3 |              7 |
|  CLK100MHZ_IBUF_BUFG  |                                                                                        | PacmanWrapper_inst/Pacman_inst/net/Warp_2/memoryStreamer/MemoryUnit_1/counter_reg[7]_0           |                3 |              7 |
|  CLK100MHZ_IBUF_BUFG  |                                                                                        | PacmanWrapper_inst/Pacman_inst/net/Warp_1/memoryStreamer/MemoryUnit_6/counter_reg[7]_0           |                3 |              7 |
|  CLK100MHZ_IBUF_BUFG  |                                                                                        | PacmanWrapper_inst/Pacman_inst/net/Warp_1/memoryStreamer/MemoryUnit_5/counter_reg[7]_0           |                3 |              7 |
|  CLK100MHZ_IBUF_BUFG  |                                                                                        | PacmanWrapper_inst/Pacman_inst/net/Warp_1/memoryStreamer/MemoryUnit_4/counter_reg[7]_0           |                3 |              7 |
|  CLK100MHZ_IBUF_BUFG  |                                                                                        | PacmanWrapper_inst/Pacman_inst/net/Warp_1/memoryStreamer/MemoryUnit_3/counter_reg[7]_0           |                2 |              7 |
|  CLK100MHZ_IBUF_BUFG  |                                                                                        | PacmanWrapper_inst/Pacman_inst/net/Warp_1/memoryStreamer/MemoryUnit_2/counter_reg[7]_0           |                2 |              7 |
|  CLK100MHZ_IBUF_BUFG  |                                                                                        | PacmanWrapper_inst/Pacman_inst/net/Warp_1/memoryStreamer/MemoryUnit_1/counter_reg[7]_0           |                3 |              7 |
|  CLK100MHZ_IBUF_BUFG  |                                                                                        | PacmanWrapper_inst/Pacman_inst/net/Warp_1/memoryStreamer/MemoryUnit/restartRegs_1                |                3 |              7 |
|  ulpi_clk60_IBUF_BUFG | inputBridge_inst/usb_serial_inst/usb_transact_inst/s_txbuf_tail_2                      |                                                                                                  |                2 |              7 |
|  ulpi_clk60_IBUF_BUFG | inputBridge_inst/usb_serial_inst/usb_transact_inst/E[0]                                |                                                                                                  |                3 |              7 |
|  CLK100MHZ_IBUF_BUFG  | PacmanWrapper_inst/Pacman_inst/net/Warp_1/control/cycle/T4                             | PacmanWrapper_inst/Pacman_inst/net/Warp_1/control/isActive/v_reg[7][0]                           |                2 |              8 |
|  CLK100MHZ_IBUF_BUFG  | PacmanWrapper_inst/Pacman_inst/net/Warp_2/control/cycle/T4                             | PacmanWrapper_inst/Pacman_inst/net/Warp_2/control/isActive/v_reg[7][0]                           |                2 |              8 |
|  CLK100MHZ_IBUF_BUFG  |                                                                                        | PacmanWrapper_inst/Pacman_inst/net/Warp/memoryStreamer/MemoryUnit_14/counter_reg[8]_0            |                3 |              8 |
|  ulpi_clk60_IBUF_BUFG | inputBridge_inst/usb_serial_inst/usb_init_inst/s_dataout_reg[7]                        |                                                                                                  |                4 |              8 |
|  ulpi_clk60_IBUF_BUFG | inputBridge_inst/usb_serial_inst/usb_packet_inst/PHY_TXVALID0                          | inputBridge_inst/usb_serial_inst/usb_packet_inst/PHY_DATAOUT[7]_i_1_n_0                          |                3 |              8 |
|  ulpi_clk60_IBUF_BUFG | inputBridge_inst/usb_serial_inst/usb_control_inst/s_ctlparam[7]_i_2_n_0                | inputBridge_inst/usb_serial_inst/usb_control_inst/s_ctlparam[7]_i_1_n_0                          |                2 |              8 |
|  ulpi_clk60_IBUF_BUFG | inputBridge_inst/usb_serial_inst/usb_control_inst/s_answerlen_0                        |                                                                                                  |                2 |              8 |
|  ulpi_clk60_IBUF_BUFG | ulpi_port_inst/ulpi_data_out[7]_i_1_n_0                                                |                                                                                                  |                4 |              8 |
|  CLK100MHZ_IBUF_BUFG  |                                                                                        | PacmanWrapper_inst/Pacman_inst/net/Warp/memoryStreamer/MemoryUnit/restartRegs_0_reg_0            |                4 |              8 |
|  CLK100MHZ_IBUF_BUFG  |                                                                                        | PacmanWrapper_inst/Pacman_inst/net/Warp/memoryStreamer/MemoryUnit_1/counter_reg[8]_0             |                3 |              8 |
|  CLK100MHZ_IBUF_BUFG  |                                                                                        | PacmanWrapper_inst/Pacman_inst/net/Warp/memoryStreamer/MemoryUnit_10/counter_reg[8]_0            |                3 |              8 |
|  CLK100MHZ_IBUF_BUFG  |                                                                                        | PacmanWrapper_inst/Pacman_inst/net/Warp/memoryStreamer/MemoryUnit_11/counter_reg[8]_0            |                3 |              8 |
|  CLK100MHZ_IBUF_BUFG  |                                                                                        | PacmanWrapper_inst/Pacman_inst/net/Warp/memoryStreamer/MemoryUnit_12/counter_reg[8]_0            |                3 |              8 |
|  CLK100MHZ_IBUF_BUFG  |                                                                                        | PacmanWrapper_inst/Pacman_inst/net/Warp/memoryStreamer/MemoryUnit_13/counter_reg[8]_0            |                3 |              8 |
|  CLK100MHZ_IBUF_BUFG  |                                                                                        | PacmanWrapper_inst/Pacman_inst/net/Warp/memoryStreamer/MemoryUnit_2/counter_reg[8]_0             |                3 |              8 |
|  CLK100MHZ_IBUF_BUFG  |                                                                                        | PacmanWrapper_inst/Pacman_inst/net/Warp/memoryStreamer/MemoryUnit_3/counter_reg[8]_0             |                3 |              8 |
|  CLK100MHZ_IBUF_BUFG  |                                                                                        | PacmanWrapper_inst/Pacman_inst/net/Warp/memoryStreamer/MemoryUnit_4/counter_reg[8]_0             |                3 |              8 |
|  CLK100MHZ_IBUF_BUFG  |                                                                                        | PacmanWrapper_inst/Pacman_inst/net/Warp/memoryStreamer/MemoryUnit_5/counter_reg[8]_0             |                2 |              8 |
|  CLK100MHZ_IBUF_BUFG  |                                                                                        | PacmanWrapper_inst/Pacman_inst/net/Warp/memoryStreamer/MemoryUnit_6/counter_reg[8]_0             |                3 |              8 |
|  CLK100MHZ_IBUF_BUFG  |                                                                                        | PacmanWrapper_inst/Pacman_inst/net/Warp/memoryStreamer/MemoryUnit_7/counter_reg[8]_0             |                3 |              8 |
|  CLK100MHZ_IBUF_BUFG  |                                                                                        | PacmanWrapper_inst/Pacman_inst/net/Warp/memoryStreamer/MemoryUnit_8/counter_reg[8]_0             |                2 |              8 |
|  CLK100MHZ_IBUF_BUFG  |                                                                                        | PacmanWrapper_inst/Pacman_inst/net/Warp/memoryStreamer/MemoryUnit_9/counter_reg[8]_0[0]          |                3 |              8 |
|  CLK100MHZ_IBUF_BUFG  | PacmanWrapper_inst/Pacman_inst/deinterleaver/doneDelay                                 |                                                                                                  |                2 |              9 |
|  ulpi_clk60_IBUF_BUFG | ulpi_port_inst/save_outp[7]_i_1_n_0                                                    |                                                                                                  |                2 |              9 |
|  ulpi_clk60_IBUF_BUFG | inputBridge_inst/usb_serial_inst/usb_control_inst/E[0]                                 | inputBridge_inst/usb_serial_inst/usb_control_inst/SR[0]                                          |                3 |              9 |
|  CLK100MHZ_IBUF_BUFG  | PacmanWrapper_inst/Pacman_inst/net/Warp__5_n_0                                         | PacmanWrapper_inst/Pacman_inst/net/Warp/control/cycle/v                                          |                2 |              9 |
|  ulpi_clk60_IBUF_BUFG | inputBridge_inst/usb_serial_inst/usb_init_inst/FSM_onehot_s_state[8]_i_1_n_0           |                                                                                                  |                4 |              9 |
|  CLK100MHZ_IBUF_BUFG  | PacmanWrapper_inst/Pacman_inst/net/Warp_3/control/isOutputting/io_xsOutValid           |                                                                                                  |                2 |              9 |
|  CLK100MHZ_IBUF_BUFG  |                                                                                        | PacmanWrapper_inst/Pacman_inst/net/Warp_3/memoryStreamer/MemoryUnit_3/MemoryUnit_3_io_restartOut |                3 |             10 |
|  ulpi_clk60_IBUF_BUFG | inputBridge_inst/usb_serial_inst/usb_transact_inst/s_rxbuf_head_1                      |                                                                                                  |                4 |             11 |
|  ulpi_clk60_IBUF_BUFG | inputBridge_inst/usb_serial_inst/usb_transact_inst/s_bufptr_reg[10]_1                  |                                                                                                  |                4 |             11 |
|  ulpi_clk60_IBUF_BUFG | inputBridge_inst/usb_serial_inst/rxbuf_reg_i_2_n_0                                     |                                                                                                  |                3 |             11 |
|  CLK100MHZ_IBUF_BUFG  |                                                                                        | PacmanWrapper_inst/Pacman_inst/net/Warp_3/memoryStreamer/MemoryUnit_1/MemoryUnit_1_io_restartOut |                3 |             11 |
|  CLK100MHZ_IBUF_BUFG  | PacmanWrapper_inst/Pacman_inst/net/GearBox_2/blocksReady/signalNewPeekBlock            |                                                                                                  |                4 |             12 |
|  CLK100MHZ_IBUF_BUFG  |                                                                                        | PacmanWrapper_inst/Pacman_inst/net/Warp_2/control/cycle/SR[0]                                    |                5 |             14 |
|  CLK100MHZ_IBUF_BUFG  | PacmanWrapper_inst/Pacman_inst/net/GearBox/blocksReady/signalNewPeekBlock              |                                                                                                  |                9 |             14 |
|  CLK100MHZ_IBUF_BUFG  |                                                                                        | PacmanWrapper_inst/Pacman_inst/net/Warp_3/memoryStreamer/MemoryUnit/MemoryUnit_io_restartOut     |                5 |             14 |
|  CLK100MHZ_IBUF_BUFG  |                                                                                        | PacmanWrapper_inst/Pacman_inst/net/Warp_1/control/cycle/SR[0]                                    |                5 |             14 |
|  CLK100MHZ_IBUF_BUFG  |                                                                                        | PacmanWrapper_inst/Pacman_inst/net/Warp_3/memoryStreamer/MemoryUnit_2/MemoryUnit_2_io_restartOut |                5 |             15 |
|  ulpi_clk60_IBUF_BUFG | inputBridge_inst/usb_serial_inst/usb_packet_inst/crc16_buf[15]_i_2_n_0                 | inputBridge_inst/usb_serial_inst/usb_packet_inst/crc16_buf[15]_i_1_n_0                           |                7 |             15 |
|  CLK100MHZ_IBUF_BUFG  |                                                                                        | PacmanWrapper_inst/Pacman_inst/net/Warp__10_n_0                                                  |                6 |             16 |
|  ulpi_clk60_IBUF_BUFG | PacmanWrapper_inst/AsyncFifo_inst__3_n_0                                               |                                                                                                  |                2 |             16 |
|  CLK100MHZ_IBUF_BUFG  | PacmanWrapper_inst/Pacman_inst/interleaver/readyBlocks/reg__reg[0]_0[0]                |                                                                                                  |                6 |             18 |
|  CLK100MHZ_IBUF_BUFG  |                                                                                        | PacmanWrapper_inst/Pacman_inst/net/Warp_3/control/isReady/counter[0]                             |                4 |             20 |
|  ulpi_clk60_IBUF_BUFG |                                                                                        | inputBridge_inst/usb_serial_inst/usb_init_inst/PHY_RESET                                         |               17 |             24 |
|  ulpi_clk60_IBUF_BUFG |                                                                                        | inputBridge_inst/usb_serial_inst/usb_control_inst/clear                                          |                9 |             33 |
|  CLK100MHZ_IBUF_BUFG  | PacmanWrapper_inst/Pacman_inst/net/Warp_1/control/isOutputting/Warp_1_io_xOutValid     |                                                                                                  |               14 |             48 |
|  CLK100MHZ_IBUF_BUFG  | PacmanWrapper_inst/Pacman_inst/net/Warp_2/control/isOutputting/Warp_2_io_xOutValid     |                                                                                                  |               10 |             48 |
|  CLK100MHZ_IBUF_BUFG  | PacmanWrapper_inst/Pacman_inst/net/Warp/control/isOutputting/Warp_io_xOutValid         |                                                                                                  |               16 |             64 |
|  ulpi_clk60_IBUF_BUFG |                                                                                        |                                                                                                  |               37 |            111 |
|  CLK100MHZ_IBUF_BUFG  |                                                                                        |                                                                                                  |             2310 |           6136 |
+-----------------------+----------------------------------------------------------------------------------------+--------------------------------------------------------------------------------------------------+------------------+----------------+


